
> drizzle@1.0.0 typecheck
> tsc --noEmit

src/app/modules/order/order.services.ts(50,5): error TS6133: 'recalculateOrderPricing' is declared but its value is never read.
